
> starter_helpi@0.1.0 test
> react-scripts test --coverage

FAIL src/App.test.tsx
  ✕ renders learn react link (46 ms)

  ● renders learn react link

    TestingLibraryElementError: Unable to find an element with the text: /learn react/i. This could be because the text is broken up by multiple elements. In this case, you can provide a function for your text matcher to make your matcher more flexible.

    Ignored nodes: comments, script, style
    [36m<body>[39m
      [36m<div>[39m
        [36m<div[39m
          [33mclass[39m=[32m"App"[39m
        [36m>[39m
          [36m<header[39m
            [33mclass[39m=[32m"App-header"[39m
          [36m>[39m
            [36m<img[39m
              [33malt[39m=[32m"logo"[39m
              [33mclass[39m=[32m"App-logo"[39m
              [33msrc[39m=[32m"logo.svg"[39m
            [36m/>[39m
            [36m<p>[39m
              [0mRyan Weiss, Ever Merino, Dylan Frajerman[0m
            [36m</p>[39m
            [36m<p>[39m
              [0mEdit [0m
              [36m<code>[39m
                [0msrc/App.tsx[0m
              [36m</code>[39m
              [0m and save to reload.[0m
            [36m</p>[39m
            [36m<button[39m
              [33mclass[39m=[32m"btn btn-primary"[39m
              [33mtype[39m=[32m"button"[39m
            [36m>[39m
              [0mGo to Page One[0m
            [36m</button>[39m
            [36m<button[39m
              [33mclass[39m=[32m"btn btn-primary"[39m
              [33mstyle[39m=[32m"margin-left: 10px;"[39m
              [33mtype[39m=[32m"button"[39m
            [36m>[39m
              [0mGo to Page Two[0m
            [36m</button>[39m
          [36m</header>[39m
          [36m<form[39m
            [33mclass[39m=[32m""[39m
          [36m>[39m
            [36m<label[39m
              [33mclass[39m=[32m"form-label"[39m
            [36m>[39m
              [0mAPI Key:[0m
            [36m</label>[39m
            [36m<input[39m
              [33mclass[39m=[32m"form-control"[39m
              [33mplaceholder[39m=[32m"Insert API Key Here"[39m
              [33mtype[39m=[32m"password"[39m
              [33mvalue[39m=[32m""[39m
            [36m/>[39m
            [36m<br />[39m
            [36m<button[39m
              [33mclass[39m=[32m"Submit-Button btn btn-primary"[39m
              [33mtype[39m=[32m"button"[39m
            [36m>[39m
              [0mSubmit[0m
            [36m</button>[39m
          [36m</form>[39m
        [36m</div>[39m
      [36m</div>[39m
    [36m</body>[39m

       5 | test('renders learn react link', () => {
       6 |   render(<App />);
    >  7 |   const linkElement = screen.getByText(/learn react/i);
         |                              ^
       8 |   expect(linkElement).toBeInTheDocument();
       9 | });
      10 |

      at Object.getElementError (node_modules/@testing-library/react/node_modules/@testing-library/dom/dist/config.js:37:19)
      at node_modules/@testing-library/react/node_modules/@testing-library/dom/dist/query-helpers.js:76:38
      at node_modules/@testing-library/react/node_modules/@testing-library/dom/dist/query-helpers.js:52:17
      at getByText (node_modules/@testing-library/react/node_modules/@testing-library/dom/dist/query-helpers.js:95:19)
      at Object.<anonymous> (src/App.test.tsx:7:30)
      at TestScheduler.scheduleTests (node_modules/@jest/core/build/TestScheduler.js:333:13)
      at runJest (node_modules/@jest/core/build/runJest.js:404:19)
      at _run10000 (node_modules/@jest/core/build/cli/index.js:320:7)
      at runCLI (node_modules/@jest/core/build/cli/index.js:173:3)

------------------------|---------|----------|---------|---------|-------------------
File                    | % Stmts | % Branch | % Funcs | % Lines | Uncovered Line #s 
------------------------|---------|----------|---------|---------|-------------------
All files               |    37.2 |    16.66 |      20 |    37.2 |                   
 src                    |    42.1 |    16.66 |   26.66 |    42.1 |                   
  App.tsx               |   73.68 |       50 |   44.44 |   73.68 | 22,36,47-58       
  PageOne.tsx           |      25 |      100 |       0 |      25 | 6-12              
  PageTwo.tsx           |      25 |      100 |       0 |      25 | 6-12              
  index.tsx             |       0 |      100 |     100 |       0 | 7-19              
  reportWebVitals.ts    |       0 |        0 |       0 |       0 | 3-10              
 src/Pages              |       0 |      100 |       0 |       0 |                   
  BasicQuestions.tsx    |       0 |      100 |       0 |       0 | 7                 
  DetailedQuestions.tsx |       0 |      100 |       0 |       0 | 7                 
  Homepage.tsx          |       0 |      100 |       0 |       0 | 7-10              
------------------------|---------|----------|---------|---------|-------------------
Test Suites: 1 failed, 1 total
Tests:       1 failed, 1 total
Snapshots:   0 total
Time:        2.907 s
Ran all test suites.
[0;33mOne of your dependencies, babel-preset-react-app, is importing the
"@babel/plugin-proposal-private-property-in-object" package without
declaring it in its dependencies. This is currently working because
"@babel/plugin-proposal-private-property-in-object" is already in your
node_modules folder for unrelated reasons, but it [1mmay break at any time[0;33m.

babel-preset-react-app is part of the create-react-app project, [1mwhich
is not maintianed anymore[0;33m. It is thus unlikely that this bug will
ever be fixed. Add "@babel/plugin-proposal-private-property-in-object" to
your devDependencies to work around this error. This will make this message
go away.[0m
  
